---
source: src/scriptlets/app_object.rs
expression: error_messages
---
- "Traceback (most recent call last):\n  File <builtin>, in <module>\n  * language.star:2, in init\n      vex.add_trigger('rust')\nerror: Found 1 extra positional argument(s) for call to add_trigger\n --> language.star:2:5\n  |\n2 |     vex.add_trigger('rust')\n  |     ^^^^^^^^^^^^^^^^^^^^^^^\n  |\n"
- "Traceback (most recent call last):\n  File <builtin>, in <module>\n  * query-without-language.star:2, in init\n      vex.add_trigger(query='(binary_expression)')\nerror: cannot add query without specifying a language\n --> query-without-language.star:2:5\n  |\n2 |     vex.add_trigger(query='(binary_expression)')\n  |     ^^^^^^^^^^^^^^^^^^^^^^^^^^^^^^^^^^^^^^^^^^^^\n  |\n"
- "Traceback (most recent call last):\n  File <builtin>, in <module>\n  * observe-event.star:6, in init\n      vex.observe(on_query_match, event='query_match')\nerror: Found `event` extra named parameter(s) for call to function\n --> observe-event.star:6:5\n  |\n6 |     vex.observe(on_query_match, event='query_match')\n  |     ^^^^^^^^^^^^^^^^^^^^^^^^^^^^^^^^^^^^^^^^^^^^^^^^\n  |\n"
- "Traceback (most recent call last):\n  File <builtin>, in <module>\n  * observe-observer.star:6, in init\n      vex.observe('query_match', observer=on_query_match)\nerror: Found `observer` extra named parameter(s) for call to function\n --> observe-observer.star:6:5\n  |\n6 |     vex.observe('query_match', observer=on_query_match)\n  |     ^^^^^^^^^^^^^^^^^^^^^^^^^^^^^^^^^^^^^^^^^^^^^^^^^^^\n  |\n"
- "Traceback (most recent call last):\n  File <builtin>, in <module>\n  * warn-message.star:9, in on_query_match\n      vex.warn(message='oh no')\nerror: Missing parameter `message` for call to warn\n --> warn-message.star:9:5\n  |\n9 |     vex.warn(message='oh no')\n  |     ^^^^^^^^^^^^^^^^^^^^^^^^^\n  |\n"
- "Traceback (most recent call last):\n  File <builtin>, in <module>\n  * warn-at.star:9, in on_query_match\n      vex.warn('oh no', (event.captures['bin_expr'], 'bin_expr'))\nerror: Found 1 extra positional argument(s) for call to warn\n --> warn-at.star:9:5\n  |\n9 |     vex.warn('oh no', (event.captures['bin_expr'], 'bin_expr'))\n  |     ^^^^^^^^^^^^^^^^^^^^^^^^^^^^^^^^^^^^^^^^^^^^^^^^^^^^^^^^^^^\n  |\n"
- "Traceback (most recent call last):\n  File <builtin>, in <module>\n  * warn-show-also.star:9, in on_query_match\n      vex.warn('oh no', [(event.captures['bin_expr'], 'bin_expr')], at=(event.captu...\nerror: Found 1 extra positional argument(s) for call to warn\n --> warn-show-also.star:9:5\n  |\n9 |     vex.warn('oh no', [(event.captures['bin_expr'], 'bin_expr')], at=(event.captures['bin_expr'], 'bin_expr'))\n  |     ^^^^^^^^^^^^^^^^^^^^^^^^^^^^^^^^^^^^^^^^^^^^^^^^^^^^^^^^^^^^^^^^^^^^^^^^^^^^^^^^^^^^^^^^^^^^^^^^^^^^^^^^^^\n  |\n"
- "Traceback (most recent call last):\n  File <builtin>, in <module>\n  * warn-show-also.star:9, in on_query_match\n      vex.warn('oh no', 'extra_info', at=(event.captures['bin_expr'], 'bin_expr'))\nerror: Found 1 extra positional argument(s) for call to warn\n --> warn-show-also.star:9:5\n  |\n9 |     vex.warn('oh no', 'extra_info', at=(event.captures['bin_expr'], 'bin_expr'))\n  |     ^^^^^^^^^^^^^^^^^^^^^^^^^^^^^^^^^^^^^^^^^^^^^^^^^^^^^^^^^^^^^^^^^^^^^^^^^^^^\n  |\n"
