---
source: src/scriptlets/app_object.rs
expression: irritations
---
- "warning[vex_1]: message-one"
- "warning[vex_1]: message-two"
- "warning[vex_2]: message-one"
- "warning[vex_2]: message-two"
- "warning[vex_1]: message-three\n --> src/main.rs:2:17\n  |\n2 |         let x = 1 + 2;\n  |                 - l\n  |"
- "warning[vex_2]: message-three\n --> src/main.rs:2:17\n  |\n2 |         let x = 1 + 2;\n  |                 - l\n  |"
- "warning[vex_1]: message-four\n --> src/main.rs:2:17\n  |\n2 |         let x = 1 + 2;\n  |                 ----- bin_expr\n  |                 - info: l\n  |"
- "warning[vex_1]: message-five\n --> src/main.rs:2:17\n  |\n2 |         let x = 1 + 2;\n  |                 ----- bin_expr\n  |                 - info: l\n  |\n  = info: some hopefully useful extra info"
- "warning[vex_1]: message-six\n --> src/main.rs:2:17\n  |\n2 |         let x = 1 + 2;\n  |                 ----- bin_expr\n  |                     - info: r\n  |"
- "warning[vex_1]: message-seven\n --> src/main.rs:2:17\n  |\n2 |         let x = 1 + 2;\n  |                 ----- bin_expr\n  |                     - info: r\n  |\n  = info: some hopefully useful extra info"
- "warning[vex_2]: message-four\n --> src/main.rs:2:17\n  |\n2 |         let x = 1 + 2;\n  |                 ----- bin_expr\n  |                 - info: l\n  |"
- "warning[vex_2]: message-five\n --> src/main.rs:2:17\n  |\n2 |         let x = 1 + 2;\n  |                 ----- bin_expr\n  |                 - info: l\n  |\n  = info: some hopefully useful extra info"
- "warning[vex_2]: message-six\n --> src/main.rs:2:17\n  |\n2 |         let x = 1 + 2;\n  |                 ----- bin_expr\n  |                     - info: r\n  |"
- "warning[vex_2]: message-seven\n --> src/main.rs:2:17\n  |\n2 |         let x = 1 + 2;\n  |                 ----- bin_expr\n  |                     - info: r\n  |\n  = info: some hopefully useful extra info"
- "warning[vex_1]: message-eight\n --> src/main.rs:2:21\n  |\n2 |         let x = 1 + 2;\n  |                     - r\n  |"
- "warning[vex_2]: message-eight\n --> src/main.rs:2:21\n  |\n2 |         let x = 1 + 2;\n  |                     - r\n  |"
