---
source: src/scriptlets/app_object.rs
expression: irritations
---
- "warning[name-of-vex]: test-00"
- "warning[name-of-vex]: test-01"
- "warning[name-of-vex]: test-02-dup\n = info: this lint is part of the ‘group-2’ group"
- "warning[name-of-vex]: test-02-dup\n = info: this lint is part of the ‘group-1’ group"
- "warning[name-of-vex]: test-04\n = info: some hopefully useful extra info"
- "warning[name-of-vex]: test-05\n = info: some hopefully useful extra info"
- "warning[name-of-vex]: test-06\n --> main.rs:1:1\n  |\n1 | ...\n  | -\n  |"
- "warning[name-of-vex]: test-07\n --> main.rs:1:1\n  |\n1 | ...\n  | - file label\n  |"
- "warning[name-of-vex]: test-08\n --> main.rs:2:13\n  |\n2 |     let x = 1 + 2;\n  |             -----\n  |"
- "warning[name-of-vex]: test-09\n --> main.rs:2:13\n  |\n2 |     let x = 1 + 2;\n  |             -----\n  |"
- "warning[name-of-vex]: test-10\n --> main.rs:2:13\n  |\n2 |     let x = 1 + 2;\n  |             ----- node bin_expr\n  |"
- "warning[name-of-vex]: test-11\n --> main.rs:2:13\n  |\n2 |     let x = 1 + 2;\n  |             ----- node bin_expr\n  |"
- "warning[name-of-vex]: test-12\n --> main.rs:2:13\n  |\n2 |     let x = 1 + 2;\n  |             -----\n  |             - info: node l\n  |                 - info: node r\n  |"
- "warning[name-of-vex]: test-13\n --> main.rs:2:13\n  |\n2 |     let x = 1 + 2;\n  |             -----\n  |             - info: node l\n  |                 - info: node r\n  |"
- "warning[name-of-vex]: test-14\n --> main.rs:2:13\n  |\n2 |     let x = 1 + 2;\n  |             ----- node bin_expr\n  |             - info: node l\n  |                 - info: node r\n  |"
- "warning[name-of-vex]: test-15\n --> main.rs:2:13\n  |\n2 |     let x = 1 + 2;\n  |             ----- node bin_expr\n  |             - info: node l\n  |                 - info: node r\n  |"
- "warning[name-of-vex]: test-16\n --> main.rs:2:13\n  |\n2 |     let x = 1 + 2;\n  |             -----\n  |             - info: node l\n  |                 - info: node r\n  |\n  = info: some hopefully useful extra info"
- "warning[name-of-vex]: test-17\n --> main.rs:2:13\n  |\n2 |     let x = 1 + 2;\n  |             -----\n  |             - info: node l\n  |                 - info: node r\n  |\n  = info: some hopefully useful extra info"
- "warning[name-of-vex]: test-18\n --> main.rs:2:13\n  |\n2 |     let x = 1 + 2;\n  |             ----- node bin_expr\n  |             - info: node l\n  |                 - info: node r\n  |\n  = info: some hopefully useful extra info"
- "warning[name-of-vex]: test-19\n --> main.rs:2:13\n  |\n2 |     let x = 1 + 2;\n  |             ----- node bin_expr\n  |             - info: node l\n  |                 - info: node r\n  |\n  = info: some hopefully useful extra info"
- "warning[name-of-vex]: test-20\n --> main.rs:2:13\n  |\n2 |     let x = 1 + 2;\n  |             ----- node bin_expr\n  |             - info: node l\n  |                 - info: node r\n  |\n  = info: some hopefully useful extra info\n  = info: this lint is part of the ‘group-3’ group"
