---
source: src/scriptlets/app_object.rs
expression: irritations
---
- "warning[name_of_vex]: test-00"
- "warning[name_of_vex]: test-01"
- "warning[name_of_vex]: test-02\n = info: some hopefully useful extra info"
- "warning[name_of_vex]: test-03\n = info: some hopefully useful extra info"
- "warning[name_of_vex]: test-04\n --> main.rs:1:1\n  |\n1 | ...\n  | -\n  |"
- "warning[name_of_vex]: test-05\n --> main.rs:1:1\n  |\n1 | ...\n  | - file label\n  |"
- "warning[name_of_vex]: test-06\n --> main.rs:2:13\n  |\n2 |     let x = 1 + 2;\n  |             -----\n  |"
- "warning[name_of_vex]: test-07\n --> main.rs:2:13\n  |\n2 |     let x = 1 + 2;\n  |             -----\n  |"
- "warning[name_of_vex]: test-08\n --> main.rs:2:13\n  |\n2 |     let x = 1 + 2;\n  |             ----- node bin_expr\n  |"
- "warning[name_of_vex]: test-09\n --> main.rs:2:13\n  |\n2 |     let x = 1 + 2;\n  |             ----- node bin_expr\n  |"
- "warning[name_of_vex]: test-10\n --> main.rs:2:13\n  |\n2 |     let x = 1 + 2;\n  |             -----\n  |             - info: node l\n  |                 - info: node r\n  |"
- "warning[name_of_vex]: test-11\n --> main.rs:2:13\n  |\n2 |     let x = 1 + 2;\n  |             -----\n  |             - info: node l\n  |                 - info: node r\n  |"
- "warning[name_of_vex]: test-12\n --> main.rs:2:13\n  |\n2 |     let x = 1 + 2;\n  |             ----- node bin_expr\n  |             - info: node l\n  |                 - info: node r\n  |"
- "warning[name_of_vex]: test-13\n --> main.rs:2:13\n  |\n2 |     let x = 1 + 2;\n  |             ----- node bin_expr\n  |             - info: node l\n  |                 - info: node r\n  |"
- "warning[name_of_vex]: test-14\n --> main.rs:2:13\n  |\n2 |     let x = 1 + 2;\n  |             -----\n  |             - info: node l\n  |                 - info: node r\n  |\n  = info: some hopefully useful extra info"
- "warning[name_of_vex]: test-15\n --> main.rs:2:13\n  |\n2 |     let x = 1 + 2;\n  |             -----\n  |             - info: node l\n  |                 - info: node r\n  |\n  = info: some hopefully useful extra info"
- "warning[name_of_vex]: test-16\n --> main.rs:2:13\n  |\n2 |     let x = 1 + 2;\n  |             ----- node bin_expr\n  |             - info: node l\n  |                 - info: node r\n  |\n  = info: some hopefully useful extra info"
- "warning[name_of_vex]: test-17\n --> main.rs:2:13\n  |\n2 |     let x = 1 + 2;\n  |             ----- node bin_expr\n  |             - info: node l\n  |                 - info: node r\n  |\n  = info: some hopefully useful extra info"
